1762778310.773248 client started (16446): version 3.5a, socket /tmp/tmux-1000/default, protocol 8
1762778310.773267 on Linux 6.17.5-arch1-1 #1 SMP PREEMPT_DYNAMIC Thu, 23 Oct 2025 18:49:03 +0000
1762778310.773270 using libevent 2.1.12-stable poll
1762778310.773272 using ncurses 6.5 20240427
1762778310.773291 flags are 0x18010000
1762778310.773303 socket is /tmp/tmux-1000/default
1762778310.773311 trying connect
1762778310.773320 connect failed: Connection refused
1762778310.773325 lock file is /tmp/tmux-1000/default.lock
1762778310.773337 flock succeeded
1762778310.773339 got lock (6)
1762778310.773343 trying connect
1762778310.773348 connect failed: Connection refused
1762778310.773528 add peer 0x55abc7080d20: 7 ((nil))
1762778310.773851 sending message 111 to peer 0x55abc7080d20 (8 bytes)
1762778310.773855 sending message 111 to peer 0x55abc7080d20 (8 bytes)
1762778310.773858 sending message 101 to peer 0x55abc7080d20 (15 bytes)
1762778310.773860 sending message 109 to peer 0x55abc7080d20 (4 bytes)
1762778310.773862 sending message 102 to peer 0x55abc7080d20 (11 bytes)
1762778310.773864 sending message 108 to peer 0x55abc7080d20 (27 bytes)
1762778310.773866 sending message 112 to peer 0x55abc7080d20 (58 bytes)
1762778310.773868 sending message 112 to peer 0x55abc7080d20 (5 bytes)
1762778310.773870 sending message 112 to peer 0x55abc7080d20 (5 bytes)
1762778310.773872 sending message 112 to peer 0x55abc7080d20 (6 bytes)
1762778310.773874 sending message 112 to peer 0x55abc7080d20 (6 bytes)
1762778310.773876 sending message 112 to peer 0x55abc7080d20 (11 bytes)
1762778310.773878 sending message 112 to peer 0x55abc7080d20 (10 bytes)
1762778310.773880 sending message 112 to peer 0x55abc7080d20 (13 bytes)
1762778310.773882 sending message 112 to peer 0x55abc7080d20 (14 bytes)
1762778310.773884 sending message 112 to peer 0x55abc7080d20 (19 bytes)
1762778310.773886 sending message 112 to peer 0x55abc7080d20 (11 bytes)
1762778310.773888 sending message 112 to peer 0x55abc7080d20 (10 bytes)
1762778310.773890 sending message 112 to peer 0x55abc7080d20 (15 bytes)
1762778310.773892 sending message 112 to peer 0x55abc7080d20 (21 bytes)
1762778310.773894 sending message 112 to peer 0x55abc7080d20 (13 bytes)
1762778310.773896 sending message 112 to peer 0x55abc7080d20 (7 bytes)
1762778310.773898 sending message 112 to peer 0x55abc7080d20 (13 bytes)
1762778310.773900 sending message 112 to peer 0x55abc7080d20 (7 bytes)
1762778310.773902 sending message 112 to peer 0x55abc7080d20 (13 bytes)
1762778310.773904 sending message 112 to peer 0x55abc7080d20 (9 bytes)
1762778310.773905 sending message 112 to peer 0x55abc7080d20 (21 bytes)
1762778310.773908 sending message 112 to peer 0x55abc7080d20 (13 bytes)
1762778310.773909 sending message 112 to peer 0x55abc7080d20 (9 bytes)
1762778310.773911 sending message 112 to peer 0x55abc7080d20 (16 bytes)
1762778310.773913 sending message 112 to peer 0x55abc7080d20 (13 bytes)
1762778310.773915 sending message 112 to peer 0x55abc7080d20 (9 bytes)
1762778310.773917 sending message 112 to peer 0x55abc7080d20 (9 bytes)
1762778310.773919 sending message 112 to peer 0x55abc7080d20 (12 bytes)
1762778310.773921 sending message 112 to peer 0x55abc7080d20 (8 bytes)
1762778310.773923 sending message 112 to peer 0x55abc7080d20 (8 bytes)
1762778310.773925 sending message 112 to peer 0x55abc7080d20 (13 bytes)
1762778310.773927 sending message 112 to peer 0x55abc7080d20 (7 bytes)
1762778310.773929 sending message 112 to peer 0x55abc7080d20 (7 bytes)
1762778310.773931 sending message 112 to peer 0x55abc7080d20 (9 bytes)
1762778310.773933 sending message 112 to peer 0x55abc7080d20 (9 bytes)
1762778310.773935 sending message 112 to peer 0x55abc7080d20 (15 bytes)
1762778310.773937 sending message 112 to peer 0x55abc7080d20 (13 bytes)
1762778310.773939 sending message 112 to peer 0x55abc7080d20 (12 bytes)
1762778310.773941 sending message 112 to peer 0x55abc7080d20 (8 bytes)
1762778310.773943 sending message 112 to peer 0x55abc7080d20 (14 bytes)
1762778310.773945 sending message 112 to peer 0x55abc7080d20 (11 bytes)
1762778310.773947 sending message 112 to peer 0x55abc7080d20 (9 bytes)
1762778310.773953 sending message 112 to peer 0x55abc7080d20 (10 bytes)
1762778310.773955 sending message 112 to peer 0x55abc7080d20 (10 bytes)
1762778310.773957 sending message 112 to peer 0x55abc7080d20 (10 bytes)
1762778310.773959 sending message 112 to peer 0x55abc7080d20 (10 bytes)
1762778310.773961 sending message 112 to peer 0x55abc7080d20 (11 bytes)
1762778310.773963 sending message 112 to peer 0x55abc7080d20 (12 bytes)
1762778310.773965 sending message 112 to peer 0x55abc7080d20 (12 bytes)
1762778310.773967 sending message 112 to peer 0x55abc7080d20 (12 bytes)
1762778310.773969 sending message 112 to peer 0x55abc7080d20 (12 bytes)
1762778310.773971 sending message 112 to peer 0x55abc7080d20 (12 bytes)
1762778310.773973 sending message 112 to peer 0x55abc7080d20 (11 bytes)
1762778310.773974 sending message 112 to peer 0x55abc7080d20 (11 bytes)
1762778310.773976 sending message 112 to peer 0x55abc7080d20 (12 bytes)
1762778310.773978 sending message 112 to peer 0x55abc7080d20 (12 bytes)
1762778310.773980 sending message 112 to peer 0x55abc7080d20 (12 bytes)
1762778310.773982 sending message 112 to peer 0x55abc7080d20 (12 bytes)
1762778310.773984 sending message 112 to peer 0x55abc7080d20 (12 bytes)
1762778310.773986 sending message 112 to peer 0x55abc7080d20 (9 bytes)
1762778310.773988 sending message 112 to peer 0x55abc7080d20 (12 bytes)
1762778310.773990 sending message 112 to peer 0x55abc7080d20 (13 bytes)
1762778310.773992 sending message 112 to peer 0x55abc7080d20 (13 bytes)
1762778310.773994 sending message 112 to peer 0x55abc7080d20 (13 bytes)
1762778310.773996 sending message 112 to peer 0x55abc7080d20 (13 bytes)
1762778310.773998 sending message 112 to peer 0x55abc7080d20 (13 bytes)
1762778310.774000 sending message 112 to peer 0x55abc7080d20 (8 bytes)
1762778310.774002 sending message 112 to peer 0x55abc7080d20 (11 bytes)
1762778310.774004 sending message 112 to peer 0x55abc7080d20 (11 bytes)
1762778310.774006 sending message 112 to peer 0x55abc7080d20 (11 bytes)
1762778310.774008 sending message 112 to peer 0x55abc7080d20 (12 bytes)
1762778310.774010 sending message 112 to peer 0x55abc7080d20 (12 bytes)
1762778310.774012 sending message 112 to peer 0x55abc7080d20 (12 bytes)
1762778310.774013 sending message 112 to peer 0x55abc7080d20 (12 bytes)
1762778310.774015 sending message 112 to peer 0x55abc7080d20 (13 bytes)
1762778310.774017 sending message 112 to peer 0x55abc7080d20 (13 bytes)
1762778310.774019 sending message 112 to peer 0x55abc7080d20 (13 bytes)
1762778310.774021 sending message 112 to peer 0x55abc7080d20 (8 bytes)
1762778310.774023 sending message 112 to peer 0x55abc7080d20 (13 bytes)
1762778310.774025 sending message 112 to peer 0x55abc7080d20 (13 bytes)
1762778310.774027 sending message 112 to peer 0x55abc7080d20 (13 bytes)
1762778310.774029 sending message 112 to peer 0x55abc7080d20 (13 bytes)
1762778310.774031 sending message 112 to peer 0x55abc7080d20 (13 bytes)
1762778310.774033 sending message 112 to peer 0x55abc7080d20 (12 bytes)
1762778310.774035 sending message 112 to peer 0x55abc7080d20 (12 bytes)
1762778310.774037 sending message 112 to peer 0x55abc7080d20 (12 bytes)
1762778310.774039 sending message 112 to peer 0x55abc7080d20 (12 bytes)
1762778310.774041 sending message 112 to peer 0x55abc7080d20 (13 bytes)
1762778310.774043 sending message 112 to peer 0x55abc7080d20 (8 bytes)
1762778310.774045 sending message 112 to peer 0x55abc7080d20 (13 bytes)
1762778310.774047 sending message 112 to peer 0x55abc7080d20 (13 bytes)
1762778310.774049 sending message 112 to peer 0x55abc7080d20 (13 bytes)
1762778310.774051 sending message 112 to peer 0x55abc7080d20 (13 bytes)
1762778310.774053 sending message 112 to peer 0x55abc7080d20 (13 bytes)
1762778310.774055 sending message 112 to peer 0x55abc7080d20 (13 bytes)
1762778310.774057 sending message 112 to peer 0x55abc7080d20 (13 bytes)
1762778310.774059 sending message 112 to peer 0x55abc7080d20 (12 bytes)
1762778310.774061 sending message 112 to peer 0x55abc7080d20 (12 bytes)
1762778310.774064 sending message 112 to peer 0x55abc7080d20 (12 bytes)
1762778310.774066 sending message 112 to peer 0x55abc7080d20 (8 bytes)
1762778310.774068 sending message 112 to peer 0x55abc7080d20 (12 bytes)
1762778310.774070 sending message 112 to peer 0x55abc7080d20 (13 bytes)
1762778310.774072 sending message 112 to peer 0x55abc7080d20 (13 bytes)
1762778310.774074 sending message 112 to peer 0x55abc7080d20 (13 bytes)
1762778310.774076 sending message 112 to peer 0x55abc7080d20 (13 bytes)
1762778310.774078 sending message 112 to peer 0x55abc7080d20 (13 bytes)
1762778310.774080 sending message 112 to peer 0x55abc7080d20 (13 bytes)
1762778310.774082 sending message 112 to peer 0x55abc7080d20 (13 bytes)
1762778310.774084 sending message 112 to peer 0x55abc7080d20 (13 bytes)
1762778310.774086 sending message 112 to peer 0x55abc7080d20 (12 bytes)
1762778310.774088 sending message 112 to peer 0x55abc7080d20 (10 bytes)
1762778310.774090 sending message 112 to peer 0x55abc7080d20 (12 bytes)
1762778310.774092 sending message 112 to peer 0x55abc7080d20 (12 bytes)
1762778310.774094 sending message 112 to peer 0x55abc7080d20 (12 bytes)
1762778310.774096 sending message 112 to peer 0x55abc7080d20 (13 bytes)
1762778310.774097 sending message 112 to peer 0x55abc7080d20 (13 bytes)
1762778310.774099 sending message 112 to peer 0x55abc7080d20 (13 bytes)
1762778310.774101 sending message 112 to peer 0x55abc7080d20 (13 bytes)
1762778310.774103 sending message 112 to peer 0x55abc7080d20 (13 bytes)
1762778310.774105 sending message 112 to peer 0x55abc7080d20 (13 bytes)
1762778310.774107 sending message 112 to peer 0x55abc7080d20 (13 bytes)
1762778310.774109 sending message 112 to peer 0x55abc7080d20 (10 bytes)
1762778310.774111 sending message 112 to peer 0x55abc7080d20 (13 bytes)
1762778310.774113 sending message 112 to peer 0x55abc7080d20 (12 bytes)
1762778310.774115 sending message 112 to peer 0x55abc7080d20 (12 bytes)
1762778310.774117 sending message 112 to peer 0x55abc7080d20 (12 bytes)
1762778310.774119 sending message 112 to peer 0x55abc7080d20 (10 bytes)
1762778310.774121 sending message 112 to peer 0x55abc7080d20 (10 bytes)
1762778310.774123 sending message 112 to peer 0x55abc7080d20 (10 bytes)
1762778310.774125 sending message 112 to peer 0x55abc7080d20 (12 bytes)
1762778310.774127 sending message 112 to peer 0x55abc7080d20 (13 bytes)
1762778310.774129 sending message 112 to peer 0x55abc7080d20 (13 bytes)
1762778310.774130 sending message 112 to peer 0x55abc7080d20 (13 bytes)
1762778310.774132 sending message 112 to peer 0x55abc7080d20 (13 bytes)
1762778310.774134 sending message 112 to peer 0x55abc7080d20 (13 bytes)
1762778310.774136 sending message 112 to peer 0x55abc7080d20 (10 bytes)
1762778310.774138 sending message 112 to peer 0x55abc7080d20 (11 bytes)
1762778310.774140 sending message 112 to peer 0x55abc7080d20 (12 bytes)
1762778310.774142 sending message 112 to peer 0x55abc7080d20 (12 bytes)
1762778310.774144 sending message 112 to peer 0x55abc7080d20 (12 bytes)
1762778310.774146 sending message 112 to peer 0x55abc7080d20 (12 bytes)
1762778310.774148 sending message 112 to peer 0x55abc7080d20 (12 bytes)
1762778310.774150 sending message 112 to peer 0x55abc7080d20 (11 bytes)
1762778310.774152 sending message 112 to peer 0x55abc7080d20 (12 bytes)
1762778310.774154 sending message 112 to peer 0x55abc7080d20 (12 bytes)
1762778310.774156 sending message 112 to peer 0x55abc7080d20 (13 bytes)
1762778310.774158 sending message 112 to peer 0x55abc7080d20 (13 bytes)
1762778310.774160 sending message 112 to peer 0x55abc7080d20 (13 bytes)
1762778310.774162 sending message 112 to peer 0x55abc7080d20 (13 bytes)
1762778310.774163 sending message 112 to peer 0x55abc7080d20 (13 bytes)
1762778310.774165 sending message 112 to peer 0x55abc7080d20 (10 bytes)
1762778310.774167 sending message 112 to peer 0x55abc7080d20 (9 bytes)
1762778310.774169 sending message 112 to peer 0x55abc7080d20 (12 bytes)
1762778310.774171 sending message 112 to peer 0x55abc7080d20 (13 bytes)
1762778310.774173 sending message 112 to peer 0x55abc7080d20 (13 bytes)
1762778310.774177 sending message 112 to peer 0x55abc7080d20 (13 bytes)
1762778310.774179 sending message 112 to peer 0x55abc7080d20 (13 bytes)
1762778310.774181 sending message 112 to peer 0x55abc7080d20 (13 bytes)
1762778310.774183 sending message 112 to peer 0x55abc7080d20 (9 bytes)
1762778310.774185 sending message 112 to peer 0x55abc7080d20 (12 bytes)
1762778310.774187 sending message 112 to peer 0x55abc7080d20 (13 bytes)
1762778310.774189 sending message 112 to peer 0x55abc7080d20 (13 bytes)
1762778310.774190 sending message 112 to peer 0x55abc7080d20 (13 bytes)
1762778310.774192 sending message 112 to peer 0x55abc7080d20 (13 bytes)
1762778310.774194 sending message 112 to peer 0x55abc7080d20 (13 bytes)
1762778310.774196 sending message 112 to peer 0x55abc7080d20 (11 bytes)
1762778310.774198 sending message 112 to peer 0x55abc7080d20 (12 bytes)
1762778310.774200 sending message 112 to peer 0x55abc7080d20 (13 bytes)
1762778310.774202 sending message 112 to peer 0x55abc7080d20 (13 bytes)
1762778310.774204 sending message 112 to peer 0x55abc7080d20 (13 bytes)
1762778310.774206 sending message 112 to peer 0x55abc7080d20 (13 bytes)
1762778310.774208 sending message 112 to peer 0x55abc7080d20 (13 bytes)
1762778310.774210 sending message 112 to peer 0x55abc7080d20 (11 bytes)
1762778310.774214 sending message 112 to peer 0x55abc7080d20 (12 bytes)
1762778310.774216 sending message 112 to peer 0x55abc7080d20 (12 bytes)
1762778310.774218 sending message 112 to peer 0x55abc7080d20 (12 bytes)
1762778310.774220 sending message 112 to peer 0x55abc7080d20 (12 bytes)
1762778310.774222 sending message 112 to peer 0x55abc7080d20 (12 bytes)
1762778310.774224 sending message 112 to peer 0x55abc7080d20 (21 bytes)
1762778310.774226 sending message 112 to peer 0x55abc7080d20 (12 bytes)
1762778310.774228 sending message 112 to peer 0x55abc7080d20 (9 bytes)
1762778310.774230 sending message 112 to peer 0x55abc7080d20 (6 bytes)
1762778310.774232 sending message 112 to peer 0x55abc7080d20 (13 bytes)
1762778310.774234 sending message 112 to peer 0x55abc7080d20 (10 bytes)
1762778310.774236 sending message 112 to peer 0x55abc7080d20 (24 bytes)
1762778310.774238 sending message 112 to peer 0x55abc7080d20 (13 bytes)
1762778310.774240 sending message 112 to peer 0x55abc7080d20 (9 bytes)
1762778310.774242 sending message 112 to peer 0x55abc7080d20 (70 bytes)
1762778310.774244 sending message 112 to peer 0x55abc7080d20 (69 bytes)
1762778310.774246 sending message 112 to peer 0x55abc7080d20 (12 bytes)
1762778310.774248 sending message 112 to peer 0x55abc7080d20 (10 bytes)
1762778310.774250 sending message 112 to peer 0x55abc7080d20 (10 bytes)
1762778310.774252 sending message 112 to peer 0x55abc7080d20 (24 bytes)
1762778310.774254 sending message 112 to peer 0x55abc7080d20 (13 bytes)
1762778310.774256 sending message 112 to peer 0x55abc7080d20 (10 bytes)
1762778310.774258 sending message 112 to peer 0x55abc7080d20 (10 bytes)
1762778310.774260 sending message 112 to peer 0x55abc7080d20 (10 bytes)
1762778310.774262 sending message 112 to peer 0x55abc7080d20 (13 bytes)
1762778310.774264 sending message 112 to peer 0x55abc7080d20 (15 bytes)
1762778310.774266 sending message 112 to peer 0x55abc7080d20 (5 bytes)
1762778310.774269 sending message 104 to peer 0x55abc7080d20 (0 bytes)
1762778310.774272 sending message 110 to peer 0x55abc7080d20 (0 bytes)
1762778310.774275 sending message 107 to peer 0x55abc7080d20 (4 bytes)
1762778310.774277 sending message 105 to peer 0x55abc7080d20 (20 bytes)
1762778310.774279 sending message 105 to peer 0x55abc7080d20 (88 bytes)
1762778310.774281 sending message 105 to peer 0x55abc7080d20 (20 bytes)
1762778310.774283 sending message 105 to peer 0x55abc7080d20 (57 bytes)
1762778310.774285 sending message 105 to peer 0x55abc7080d20 (36 bytes)
1762778310.774287 sending message 105 to peer 0x55abc7080d20 (58 bytes)
1762778310.774289 sending message 105 to peer 0x55abc7080d20 (24 bytes)
1762778310.774291 sending message 105 to peer 0x55abc7080d20 (43 bytes)
1762778310.774293 sending message 105 to peer 0x55abc7080d20 (32 bytes)
1762778310.774297 sending message 105 to peer 0x55abc7080d20 (51 bytes)
1762778310.774299 sending message 105 to peer 0x55abc7080d20 (23 bytes)
1762778310.774301 sending message 105 to peer 0x55abc7080d20 (73 bytes)
1762778310.774303 sending message 105 to peer 0x55abc7080d20 (32 bytes)
1762778310.774305 sending message 105 to peer 0x55abc7080d20 (15 bytes)
1762778310.774307 sending message 105 to peer 0x55abc7080d20 (31 bytes)
1762778310.774309 sending message 105 to peer 0x55abc7080d20 (14 bytes)
1762778310.774311 sending message 105 to peer 0x55abc7080d20 (27 bytes)
1762778310.774313 sending message 105 to peer 0x55abc7080d20 (25 bytes)
1762778310.774315 sending message 105 to peer 0x55abc7080d20 (21 bytes)
1762778310.774318 sending message 105 to peer 0x55abc7080d20 (39 bytes)
1762778310.774320 sending message 105 to peer 0x55abc7080d20 (49 bytes)
1762778310.774322 sending message 105 to peer 0x55abc7080d20 (15 bytes)
1762778310.774324 sending message 105 to peer 0x55abc7080d20 (29 bytes)
1762778310.774326 sending message 105 to peer 0x55abc7080d20 (86 bytes)
1762778310.774328 sending message 105 to peer 0x55abc7080d20 (17 bytes)
1762778310.774330 sending message 105 to peer 0x55abc7080d20 (17 bytes)
1762778310.774332 sending message 105 to peer 0x55abc7080d20 (30 bytes)
1762778310.774334 sending message 105 to peer 0x55abc7080d20 (24 bytes)
1762778310.774336 sending message 105 to peer 0x55abc7080d20 (140 bytes)
1762778310.774338 sending message 105 to peer 0x55abc7080d20 (17 bytes)
1762778310.774347 sending message 105 to peer 0x55abc7080d20 (26 bytes)
1762778310.774349 sending message 105 to peer 0x55abc7080d20 (52 bytes)
1762778310.774351 sending message 105 to peer 0x55abc7080d20 (47 bytes)
1762778310.774353 sending message 105 to peer 0x55abc7080d20 (15 bytes)
1762778310.774355 sending message 105 to peer 0x55abc7080d20 (21 bytes)
1762778310.774357 sending message 105 to peer 0x55abc7080d20 (22 bytes)
1762778310.774359 sending message 105 to peer 0x55abc7080d20 (29 bytes)
1762778310.774361 sending message 105 to peer 0x55abc7080d20 (23 bytes)
1762778310.774364 sending message 105 to peer 0x55abc7080d20 (20 bytes)
1762778310.774366 sending message 105 to peer 0x55abc7080d20 (11 bytes)
1762778310.774368 sending message 105 to peer 0x55abc7080d20 (23 bytes)
1762778310.774370 sending message 105 to peer 0x55abc7080d20 (22 bytes)
1762778310.774372 sending message 105 to peer 0x55abc7080d20 (50 bytes)
1762778310.774374 sending message 105 to peer 0x55abc7080d20 (11 bytes)
1762778310.774376 sending message 105 to peer 0x55abc7080d20 (8 bytes)
1762778310.774378 sending message 105 to peer 0x55abc7080d20 (11 bytes)
1762778310.774380 sending message 105 to peer 0x55abc7080d20 (17 bytes)
1762778310.774382 sending message 105 to peer 0x55abc7080d20 (19 bytes)
1762778310.774384 sending message 105 to peer 0x55abc7080d20 (31 bytes)
1762778310.774386 sending message 105 to peer 0x55abc7080d20 (50 bytes)
1762778310.774388 sending message 105 to peer 0x55abc7080d20 (22 bytes)
1762778310.774390 sending message 105 to peer 0x55abc7080d20 (30 bytes)
1762778310.774392 sending message 105 to peer 0x55abc7080d20 (120 bytes)
1762778310.774394 sending message 105 to peer 0x55abc7080d20 (22 bytes)
1762778310.774396 sending message 105 to peer 0x55abc7080d20 (337 bytes)
1762778310.774398 sending message 105 to peer 0x55abc7080d20 (18 bytes)
1762778310.774400 sending message 105 to peer 0x55abc7080d20 (54 bytes)
1762778310.774402 sending message 105 to peer 0x55abc7080d20 (28 bytes)
1762778310.774404 sending message 105 to peer 0x55abc7080d20 (27 bytes)
1762778310.774406 sending message 105 to peer 0x55abc7080d20 (44 bytes)
1762778310.774408 sending message 105 to peer 0x55abc7080d20 (16 bytes)
1762778310.774410 sending message 105 to peer 0x55abc7080d20 (29 bytes)
1762778310.774412 sending message 106 to peer 0x55abc7080d20 (0 bytes)
1762778310.774453 sending message 200 to peer 0x55abc7080d20 (4 bytes)
1762778310.774455 client loop enter
1762778310.774466 client_signal: Child exited
1762778310.817414 peer 0x55abc7080d20 message 207
1762778310.817429 sending message 208 to peer 0x55abc7080d20 (0 bytes)
1762778314.391806 peer 0x55abc7080d20 message 203
1762778314.391814 sending message 205 to peer 0x55abc7080d20 (0 bytes)
1762778314.392060 peer 0x55abc7080d20 message 204
1762778314.392065 client loop exit
